<?xml version="1.0" encoding="utf-8"?><testsuites><testsuite name="pytest" errors="0" failures="0" skipped="0" tests="4" time="13.199" timestamp="2024-10-21T03:03:26.223344" hostname="DESKTOP-H767SPO"><testcase classname="tests.model.test_model.TestModel" name="test_model_fit" time="5.002" /><testcase classname="tests.model.test_model.TestModel" name="test_model_predict" time="0.237" /><testcase classname="tests.model.test_model.TestModel" name="test_model_preprocess_for_serving" time="0.179" /><testcase classname="tests.model.test_model.TestModel" name="test_model_preprocess_for_training" time="4.780" /></testsuite></testsuites>